interactions:
- request:
    body: null
    headers:
      Accept:
      - application/json
      Accept-Encoding:
      - gzip, deflate
      Connection:
      - keep-alive
      User-Agent:
      - python-requests/2.26.0
    method: GET
    uri: http://localhost:19120/api/v1/trees/tree
  response:
    body:
      string: "{\n  \"type\" : \"BRANCH\",\n  \"name\" : \"main\",\n  \"hash\" : \"2e1cfa82b035c26cbbbdae632cea070514eb8b773f616aaeaf668e2f0be8f10d\"\n}"
    headers:
      Content-Length:
      - '121'
      Content-Type:
      - application/json
    status:
      code: 200
      message: OK
- request:
    body: null
    headers:
      Accept:
      - application/json
      Accept-Encoding:
      - gzip, deflate
      Connection:
      - keep-alive
      User-Agent:
      - python-requests/2.26.0
    method: GET
    uri: http://localhost:19120/api/v1/trees/tree/main
  response:
    body:
      string: "{\n  \"type\" : \"BRANCH\",\n  \"name\" : \"main\",\n  \"hash\" : \"2e1cfa82b035c26cbbbdae632cea070514eb8b773f616aaeaf668e2f0be8f10d\"\n}"
    headers:
      Content-Length:
      - '121'
      Content-Type:
      - application/json
    status:
      code: 200
      message: OK
- request:
    body: '{"name": "dev", "hash": "2e1cfa82b035c26cbbbdae632cea070514eb8b773f616aaeaf668e2f0be8f10d",
      "type": "BRANCH"}'
    headers:
      Accept:
      - '*/*'
      Accept-Encoding:
      - gzip, deflate
      Connection:
      - keep-alive
      Content-Length:
      - '109'
      Content-Type:
      - application/json
      User-Agent:
      - python-requests/2.26.0
    method: POST
    uri: http://localhost:19120/api/v1/trees/tree?sourceRefName=main
  response:
    body:
      string: "{\n  \"type\" : \"BRANCH\",\n  \"name\" : \"dev\",\n  \"hash\" : \"2e1cfa82b035c26cbbbdae632cea070514eb8b773f616aaeaf668e2f0be8f10d\"\n}"
    headers:
      Content-Length:
      - '120'
      Content-Type:
      - application/json
    status:
      code: 200
      message: OK
- request:
    body: null
    headers:
      Accept:
      - application/json
      Accept-Encoding:
      - gzip, deflate
      Connection:
      - keep-alive
      User-Agent:
      - python-requests/2.26.0
    method: GET
    uri: http://localhost:19120/api/v1/trees
  response:
    body:
      string: "[ {\n  \"type\" : \"BRANCH\",\n  \"name\" : \"main\",\n  \"hash\" :
        \"2e1cfa82b035c26cbbbdae632cea070514eb8b773f616aaeaf668e2f0be8f10d\"\n}, {\n
        \ \"type\" : \"BRANCH\",\n  \"name\" : \"dev\",\n  \"hash\" : \"2e1cfa82b035c26cbbbdae632cea070514eb8b773f616aaeaf668e2f0be8f10d\"\n}
        ]"
    headers:
      Content-Length:
      - '247'
      Content-Type:
      - application/json
    status:
      code: 200
      message: OK
- request:
    body: null
    headers:
      Accept:
      - application/json
      Accept-Encoding:
      - gzip, deflate
      Connection:
      - keep-alive
      User-Agent:
      - python-requests/2.26.0
    method: GET
    uri: http://localhost:19120/api/v1/contents/commit.expected.contents?ref=dev
  response:
    body:
      string: "{\n  \"message\" : \"Requested contents do not exist for specified
        reference.\",\n  \"status\" : 404,\n  \"reason\" : \"Not Found\",\n  \"serverStackTrace\"
        : null\n}"
    headers:
      Content-Length:
      - '149'
      Content-Type:
      - application/json
    status:
      code: 404
      message: Not Found
- request:
    body: '{"commitMeta": {"message": "commit 1", "properties": null, "hash": null,
      "committer": null, "authorTime": null, "author": "nessie test", "commitTime":
      null, "signedOffBy": null}, "operations": [{"contents": {"checkpointLocationHistory":
      ["def"], "lastCheckpoint": "x", "metadataLocationHistory": ["asd111"], "id":
      "test_commit_no_expected_state", "type": "DELTA_LAKE_TABLE"}, "key": {"elements":
      ["commit", "expected", "contents"]}, "expectedContents": null, "type": "PUT"}]}'
    headers:
      Accept:
      - '*/*'
      Accept-Encoding:
      - gzip, deflate
      Connection:
      - keep-alive
      Content-Length:
      - '475'
      Content-Type:
      - application/json
      User-Agent:
      - python-requests/2.26.0
    method: POST
    uri: http://localhost:19120/api/v1/trees/branch/dev/commit?expectedHash=2e1cfa82b035c26cbbbdae632cea070514eb8b773f616aaeaf668e2f0be8f10d
  response:
    body:
      string: "{\n  \"type\" : \"BRANCH\",\n  \"name\" : \"dev\",\n  \"hash\" : \"f816cb3779408155554efb1c461c4fbc2adb744af1001503cc1583afe752c467\"\n}"
    headers:
      Content-Length:
      - '120'
      Content-Type:
      - application/json
    status:
      code: 200
      message: OK
- request:
    body: null
    headers:
      Accept:
      - application/json
      Accept-Encoding:
      - gzip, deflate
      Connection:
      - keep-alive
      User-Agent:
      - python-requests/2.26.0
    method: GET
    uri: http://localhost:19120/api/v1/trees
  response:
    body:
      string: "[ {\n  \"type\" : \"BRANCH\",\n  \"name\" : \"main\",\n  \"hash\" :
        \"2e1cfa82b035c26cbbbdae632cea070514eb8b773f616aaeaf668e2f0be8f10d\"\n}, {\n
        \ \"type\" : \"BRANCH\",\n  \"name\" : \"dev\",\n  \"hash\" : \"f816cb3779408155554efb1c461c4fbc2adb744af1001503cc1583afe752c467\"\n}
        ]"
    headers:
      Content-Length:
      - '247'
      Content-Type:
      - application/json
    status:
      code: 200
      message: OK
- request:
    body: null
    headers:
      Accept:
      - application/json
      Accept-Encoding:
      - gzip, deflate
      Connection:
      - keep-alive
      User-Agent:
      - python-requests/2.26.0
    method: GET
    uri: http://localhost:19120/api/v1/contents/commit.expected.contents?ref=dev
  response:
    body:
      string: "{\n  \"type\" : \"DELTA_LAKE_TABLE\",\n  \"id\" : \"test_commit_no_expected_state\",\n
        \ \"metadataLocationHistory\" : [ \"asd111\" ],\n  \"checkpointLocationHistory\"
        : [ \"def\" ],\n  \"lastCheckpoint\" : \"x\"\n}"
    headers:
      Content-Length:
      - '188'
      Content-Type:
      - application/json
    status:
      code: 200
      message: OK
- request:
    body: '{"commitMeta": {"message": "commit 2", "properties": null, "hash": null,
      "committer": null, "authorTime": null, "author": "nessie test", "commitTime":
      null, "signedOffBy": null}, "operations": [{"contents": {"checkpointLocationHistory":
      ["def"], "lastCheckpoint": "x", "metadataLocationHistory": ["asd222"], "id":
      "test_commit_no_expected_state", "type": "DELTA_LAKE_TABLE"}, "key": {"elements":
      ["commit", "expected", "contents"]}, "expectedContents": null, "type": "PUT"}]}'
    headers:
      Accept:
      - '*/*'
      Accept-Encoding:
      - gzip, deflate
      Connection:
      - keep-alive
      Content-Length:
      - '475'
      Content-Type:
      - application/json
      User-Agent:
      - python-requests/2.26.0
    method: POST
    uri: http://localhost:19120/api/v1/trees/branch/dev/commit?expectedHash=f816cb3779408155554efb1c461c4fbc2adb744af1001503cc1583afe752c467
  response:
    body:
      string: "{\n  \"type\" : \"BRANCH\",\n  \"name\" : \"dev\",\n  \"hash\" : \"e12a60d4342359ab7b542384bd6ae69c22efecb25920ed073fd1e11a7ee0edab\"\n}"
    headers:
      Content-Length:
      - '120'
      Content-Type:
      - application/json
    status:
      code: 200
      message: OK
version: 1
